10/01/2025 18:11:37	This log contains information about the import schema operation into project 'CadastroPessoasDB' on computer 'DESKTOP-QKHBN92' by user 'Soraa'.
10/01/2025 18:11:37	Import of database schema has started.
10/01/2025 18:11:45	Gathering database credentials
10/01/2025 18:11:45	Gathering database options
10/01/2025 18:11:45	Gathering generic database scoped configuration option
10/01/2025 18:11:45	Gathering users
10/01/2025 18:11:45	Gathering roles
10/01/2025 18:11:45	Gathering application roles
10/01/2025 18:11:45	Gathering role memberships
10/01/2025 18:11:45	Gathering filegroups
10/01/2025 18:11:45	Gathering full-text catalogs
10/01/2025 18:11:45	Gathering assemblies
10/01/2025 18:11:45	Gathering certificates
10/01/2025 18:11:45	Gathering asymmetric keys
10/01/2025 18:11:45	Gathering symmetric keys
10/01/2025 18:11:45	Gathering encrypted symmetric keys
10/01/2025 18:11:45	Gathering schemas
10/01/2025 18:11:45	Gathering XML schema collections
10/01/2025 18:11:45	Gathering user-defined data types
10/01/2025 18:11:45	Gathering user-defined types
10/01/2025 18:11:45	Gathering table types
10/01/2025 18:11:45	Gathering unique keys for table types
10/01/2025 18:11:45	Gathering primary keys for table types
10/01/2025 18:11:45	Gathering indexes for table types
10/01/2025 18:11:47	Gathering check constraints for table types
10/01/2025 18:11:47	Gathering default constraints for table types
10/01/2025 18:11:47	Gathering partition functions
10/01/2025 18:11:47	Gathering partition schemes
10/01/2025 18:11:47	Gathering functions
10/01/2025 18:11:47	Gathering encrypted functions
10/01/2025 18:11:47	Gathering aggregates
10/01/2025 18:11:47	Gathering procedures
10/01/2025 18:11:47	Gathering encrypted procedures
10/01/2025 18:11:47	Gathering tables
10/01/2025 18:11:47	Gathering primary keys
10/01/2025 18:11:47	Gathering unique constraints
10/01/2025 18:11:47	Gathering foreign keys
10/01/2025 18:11:47	Gathering default constraints
10/01/2025 18:11:47	Gathering check constraints
10/01/2025 18:11:47	Gathering views
10/01/2025 18:11:47	Gathering encrypted views
10/01/2025 18:11:47	Gathering indexes
10/01/2025 18:11:47	Gathering statistics
10/01/2025 18:11:47	Gathering full-text index stoplists
10/01/2025 18:11:47	Gathering search property lists
10/01/2025 18:11:47	Gathering search properties
10/01/2025 18:11:47	Gathering full-text indexes
10/01/2025 18:11:47	Gathering column store indexes
10/01/2025 18:11:47	Gathering spatial indexes
10/01/2025 18:11:47	Gathering XML indexes
10/01/2025 18:11:47	Gathering Selective XML indexes
10/01/2025 18:11:47	Gathering encrypted triggers
10/01/2025 18:11:47	Gathering triggers
10/01/2025 18:11:47	Gathering encrypted and clr ddl triggers
10/01/2025 18:11:47	Gathering ddl triggers
10/01/2025 18:11:47	Creating edge constraints
10/01/2025 18:11:47	Gathering synonyms
10/01/2025 18:11:47	Gathering defaults
10/01/2025 18:11:47	Gathering data constraint uddt bindings
10/01/2025 18:11:47	Gathering rules
10/01/2025 18:11:47	Gathering data constraint uddt bindings
10/01/2025 18:11:47	Gathering message types
10/01/2025 18:11:47	Gathering queues
10/01/2025 18:11:47	Gathering contracts
10/01/2025 18:11:47	Gathering services
10/01/2025 18:11:47	Gathering event notifications
10/01/2025 18:11:47	Gathering remote service bindings
10/01/2025 18:11:47	Gathering broker priorities
10/01/2025 18:11:47	Gathering signatures
10/01/2025 18:11:47	Gathering compression options
10/01/2025 18:11:47	Gathering sequence types
10/01/2025 18:11:47	Gathering security policies
10/01/2025 18:11:47	Gather column encryption keys
10/01/2025 18:11:47	Gathering column master keys
10/01/2025 18:11:47	Gathering external data sources
10/01/2025 18:11:47	Gathering external file formats
10/01/2025 18:11:47	Gathering external tables
10/01/2025 18:11:47	Gathering extended properties
10/01/2025 18:11:47	Gathering assemblies
10/01/2025 18:11:47	Gathering credentials
10/01/2025 18:11:47	Gathering logins
10/01/2025 18:11:47	Gathering server audits
10/01/2025 18:11:50	Scanning project for duplicate elements
10/01/2025 18:11:50	Finished duplicate element processing
10/01/2025 18:11:50	Finished importing database.
10/01/2025 18:11:50	A summary of the import was saved to the following location: C:\Users\Soraa\Downloads\Project\CadastroPessoasDB\Import Schema Logs\CadastroPessoasDB_20250110091137.log
10/01/2025 18:11:50	Click Finish to continue...
